// Jest Snapshot v1, https://goo.gl/fbAQLP

exports[`matches snapshot 1`] = `
<div
  data-testid="like"
>
  <i
    aria-hidden="true"
    className="fa fa-heart"
    style={
      {
        "cursor": "pointer",
      }
    }
  />
</div>
`;
